FFE
======================================================================
ERROR: test_repair_retains_rejected_response_and_replays_offline (test_document_repair.DocumentRepairTests)
----------------------------------------------------------------------
Traceback (most recent call last):
  File "/home/gradrix/repos/gflo/tests/test_document_repair.py", line 39, in test_repair_retains_rejected_response_and_replays_offline
    saved = self.store.answer(evidence['id'], client)
  File "/home/gradrix/repos/gflo/gflo/documents.py", line 375, in answer
    value = validate_answer(decode(message['content']), evidence)
  File "/home/gradrix/repos/gflo/gflo/recipes/document.py", line 28, in decode
    return json.loads(raw, object_pairs_hook=pairs, parse_constant=invalid)
  File "/usr/lib/python3.10/json/__init__.py", line 359, in loads
    return cls(**kw).decode(s)
  File "/usr/lib/python3.10/json/decoder.py", line 337, in decode
    obj, end = self.raw_decode(s, idx=_w(s, 0).end())
  File "/usr/lib/python3.10/json/decoder.py", line 353, in raw_decode
    obj, end = self.scan_once(s, idx)
json.decoder.JSONDecodeError: Expecting property name enclosed in double quotes: line 1 column 2 (char 1)

======================================================================
FAIL: test_40000_events_are_complete_and_plus_one_refuses (test_document_repair.DocumentRepairTests)
----------------------------------------------------------------------
Traceback (most recent call last):
  File "/home/gradrix/repos/gflo/tests/test_document_repair.py", line 29, in test_40000_events_are_complete_and_plus_one_refuses
    self.assertEqual(document_extract.VERSION, 'document-text-v2')
AssertionError: 'document-text-v1' != 'document-text-v2'
- document-text-v1
?                ^
+ document-text-v2
?                ^


======================================================================
FAIL: test_exhaustion_is_inspectable_failure_never_replayable (test_document_repair.DocumentRepairTests)
----------------------------------------------------------------------
Traceback (most recent call last):
  File "/home/gradrix/repos/gflo/tests/test_document_repair.py", line 56, in test_exhaustion_is_inspectable_failure_never_replayable
    self.assertEqual(infer.call_count, 2)
AssertionError: 1 != 2

----------------------------------------------------------------------
Ran 3 tests in 0.022s

FAILED (failures=2, errors=1)
