.....
======================================================================
ERROR: test_owner_death_recovery_has_private_facts_under_common_umasks (test_browser_live.BrowserLiveTests) (umask='0o77')
----------------------------------------------------------------------
Traceback (most recent call last):
  File "/home/gradrix/repos/gflo/tests/test_browser_live.py", line 141, in test_owner_death_recovery_has_private_facts_under_common_umasks
    store.cleanup()
  File "/home/gradrix/repos/gflo/gflo/browser.py", line 382, in cleanup
    raw=checked_file(facts,65536,0o644)
  File "/home/gradrix/repos/gflo/gflo/documents.py", line 58, in checked_file
    raise ValueError('Document record file type/owner/mode/size changed')
ValueError: Document record file type/owner/mode/size changed

======================================================================
FAIL: test_owner_death_recovery_has_private_facts_under_common_umasks (test_browser_live.BrowserLiveTests) (umask='0o2')
----------------------------------------------------------------------
Traceback (most recent call last):
  File "/home/gradrix/repos/gflo/tests/test_browser_live.py", line 140, in test_owner_death_recovery_has_private_facts_under_common_umasks
    self.assertEqual(stat.S_IMODE(facts[0].stat().st_mode),0o600)
AssertionError: 436 != 384

----------------------------------------------------------------------
Ran 6 tests in 37.919s

FAILED (failures=1, errors=1)
