0 availability: normal case merges busy intervals and returns free gaps
ok 1 - availability: normal case merges busy intervals and returns free gaps
  ---
  duration_ms: 1.608052
  type: 'test'
  ...
# Subtest: availability: boundaries, empty busy, full window, minDuration filtering
ok 2 - availability: boundaries, empty busy, full window, minDuration filtering
  ---
  duration_ms: 0.339191
  type: 'test'
  ...
# Subtest: availability: rejects invalid shapes, types and ranges
ok 3 - availability: rejects invalid shapes, types and ranges
  ---
  duration_ms: 0.625454
  type: 'test'
  ...
1..3
# tests 3
# suites 0
# pass 3
# fail 0
# cancelled 0
# skipped 0
# todo 0
# duration_ms 63.20145
{"random_cases":150,"CLI_cases":10,"frozen_invalid_cases":7,"documented_commands":true,"node":"v22.23.3"}
 
